Archive member included to satisfy reference by file (symbol)

/wrk3/pasilack/lpcxpresso_8.2.2_650/lpcxpresso/LPCXpresso/workspace/lpc_chip_8xx/Debug/liblpc_chip_8xx.a(chip_8xx.o)
                              ./src/7-segment-dot.o (SystemCoreClockUpdate)
/wrk3/pasilack/lpcxpresso_8.2.2_650/lpcxpresso/LPCXpresso/workspace/lpc_chip_8xx/Debug/liblpc_chip_8xx.a(clock_8xx.o)
                              /wrk3/pasilack/lpcxpresso_8.2.2_650/lpcxpresso/LPCXpresso/workspace/lpc_chip_8xx/Debug/liblpc_chip_8xx.a(chip_8xx.o) (Chip_Clock_GetSystemClockRate)
/wrk3/pasilack/lpcxpresso_8.2.2_650/lpcxpresso/LPCXpresso/workspace/lpc_chip_8xx/Debug/liblpc_chip_8xx.a(sysinit_8xx.o)
                              ./src/sysinit.o (Chip_SystemInit)
/wrk3/pasilack/lpcxpresso_8.2.2_650/lpcxpresso/LPCXpresso/workspace/lpc_chip_8xx/Debug/liblpc_chip_8xx.a(irc_8xx.o)
                              /wrk3/pasilack/lpcxpresso_8.2.2_650/lpcxpresso/LPCXpresso/workspace/lpc_chip_8xx/Debug/liblpc_chip_8xx.a(sysinit_8xx.o) (Chip_IRC_SetFreq)
/wrk3/pasilack/lpcxpresso_8.2.2_650/lpcxpresso/LPCXpresso/workspace/lpc_chip_8xx/Debug/liblpc_chip_8xx.a(syscon_8xx.o)
                              /wrk3/pasilack/lpcxpresso_8.2.2_650/lpcxpresso/LPCXpresso/workspace/lpc_chip_8xx/Debug/liblpc_chip_8xx.a(sysinit_8xx.o) (Chip_SYSCTL_PowerDown)
/wrk3/pasilack/lpcxpresso_8.2.2_650/lpcxpresso/tools/bin/../lib/gcc/arm-none-eabi/5.4.1/armv6-m/libgcc.a(_udivsi3.o)
                              /wrk3/pasilack/lpcxpresso_8.2.2_650/lpcxpresso/LPCXpresso/workspace/lpc_chip_8xx/Debug/liblpc_chip_8xx.a(clock_8xx.o) (__aeabi_uidiv)
/wrk3/pasilack/lpcxpresso_8.2.2_650/lpcxpresso/tools/bin/../lib/gcc/arm-none-eabi/5.4.1/armv6-m/libgcc.a(_dvmd_tls.o)
                              /wrk3/pasilack/lpcxpresso_8.2.2_650/lpcxpresso/tools/bin/../lib/gcc/arm-none-eabi/5.4.1/armv6-m/libgcc.a(_udivsi3.o) (__aeabi_idiv0)
/wrk3/pasilack/lpcxpresso_8.2.2_650/lpcxpresso/tools/bin/../lib/gcc/arm-none-eabi/5.4.1/armv6-m/libgcc.a(_aeabi_uldivmod.o)
                              /wrk3/pasilack/lpcxpresso_8.2.2_650/lpcxpresso/LPCXpresso/workspace/lpc_chip_8xx/Debug/liblpc_chip_8xx.a(clock_8xx.o) (__aeabi_uldivmod)
/wrk3/pasilack/lpcxpresso_8.2.2_650/lpcxpresso/tools/bin/../lib/gcc/arm-none-eabi/5.4.1/armv6-m/libgcc.a(_udivmoddi4.o)
                              /wrk3/pasilack/lpcxpresso_8.2.2_650/lpcxpresso/tools/bin/../lib/gcc/arm-none-eabi/5.4.1/armv6-m/libgcc.a(_aeabi_uldivmod.o) (__udivmoddi4)
/wrk3/pasilack/lpcxpresso_8.2.2_650/lpcxpresso/tools/bin/../lib/gcc/arm-none-eabi/5.4.1/armv6-m/libgcc.a(_clzdi2.o)
                              /wrk3/pasilack/lpcxpresso_8.2.2_650/lpcxpresso/tools/bin/../lib/gcc/arm-none-eabi/5.4.1/armv6-m/libgcc.a(_udivmoddi4.o) (__clzdi2)
/wrk3/pasilack/lpcxpresso_8.2.2_650/lpcxpresso/tools/bin/../lib/gcc/arm-none-eabi/5.4.1/armv6-m/libgcc.a(_clzsi2.o)
                              /wrk3/pasilack/lpcxpresso_8.2.2_650/lpcxpresso/tools/bin/../lib/gcc/arm-none-eabi/5.4.1/armv6-m/libgcc.a(_clzdi2.o) (__clzsi2)
/wrk3/pasilack/lpcxpresso_8.2.2_650/lpcxpresso/tools/bin/../lib/gcc/arm-none-eabi/5.4.1/../../../../arm-none-eabi/lib/armv6-m/libc.a(lib_a-init.o)
                              ./src/cr_startup_lpc8xx.o (__libc_init_array)
/wrk3/pasilack/lpcxpresso_8.2.2_650/lpcxpresso/tools/bin/../lib/gcc/arm-none-eabi/5.4.1/../../../../arm-none-eabi/lib/armv6-m/libc.a(lib_a-malloc.o)
                              ./src/cr_cpp_config.o (malloc)
/wrk3/pasilack/lpcxpresso_8.2.2_650/lpcxpresso/tools/bin/../lib/gcc/arm-none-eabi/5.4.1/../../../../arm-none-eabi/lib/armv6-m/libc.a(lib_a-mallocr.o)
                              /wrk3/pasilack/lpcxpresso_8.2.2_650/lpcxpresso/tools/bin/../lib/gcc/arm-none-eabi/5.4.1/../../../../arm-none-eabi/lib/armv6-m/libc.a(lib_a-malloc.o) (_malloc_r)
/wrk3/pasilack/lpcxpresso_8.2.2_650/lpcxpresso/tools/bin/../lib/gcc/arm-none-eabi/5.4.1/../../../../arm-none-eabi/lib/armv6-m/libc.a(lib_a-mlock.o)
                              /wrk3/pasilack/lpcxpresso_8.2.2_650/lpcxpresso/tools/bin/../lib/gcc/arm-none-eabi/5.4.1/../../../../arm-none-eabi/lib/armv6-m/libc.a(lib_a-mallocr.o) (__malloc_lock)
/wrk3/pasilack/lpcxpresso_8.2.2_650/lpcxpresso/tools/bin/../lib/gcc/arm-none-eabi/5.4.1/../../../../arm-none-eabi/lib/armv6-m/libc.a(lib_a-sbrkr.o)
                              /wrk3/pasilack/lpcxpresso_8.2.2_650/lpcxpresso/tools/bin/../lib/gcc/arm-none-eabi/5.4.1/../../../../arm-none-eabi/lib/armv6-m/libc.a(lib_a-mallocr.o) (_sbrk_r)
/wrk3/pasilack/lpcxpresso_8.2.2_650/lpcxpresso/tools/bin/../lib/gcc/arm-none-eabi/5.4.1/../../../../arm-none-eabi/lib/armv6-m/libc.a(lib_a-freer.o)
                              /wrk3/pasilack/lpcxpresso_8.2.2_650/lpcxpresso/tools/bin/../lib/gcc/arm-none-eabi/5.4.1/../../../../arm-none-eabi/lib/armv6-m/libc.a(lib_a-malloc.o) (_free_r)
/wrk3/pasilack/lpcxpresso_8.2.2_650/lpcxpresso/tools/bin/../lib/gcc/arm-none-eabi/5.4.1/../../../../arm-none-eabi/lib/armv6-m/libc.a(lib_a-impure.o)
[...]
Memory Configuration

Name             Origin             Length             Attributes
MFlash16         0x00000000         0x00004000         xr
RamLoc4          0x10000000         0x00001000         xrw
*default*        0x00000000         0xffffffff

Linker script and memory map

LOAD ./src/7-segment-dot.o
LOAD ./src/cr_cpp_config.o
LOAD ./src/cr_startup_lpc8xx.o
LOAD ./src/crp.o
LOAD ./src/delay.o
LOAD ./src/display.o
LOAD ./src/i2c.o
LOAD ./src/mtb.o
LOAD ./src/swm.o
LOAD ./src/sysinit.o
LOAD /wrk3/pasilack/lpcxpresso_8.2.2_650/lpcxpresso/LPCXpresso/workspace/lpc_chip_8xx/Debug/liblpc_chip_8xx.a
LOAD /wrk3/pasilack/lpcxpresso_8.2.2_650/lpcxpresso/LPCXpresso/workspace/CMSIS_DSPLIB_CM0/lib/libCMSIS_DSPLIB_CM0.a
START GROUP
LOAD /wrk3/pasilack/lpcxpresso_8.2.2_650/lpcxpresso/tools/bin/../lib/gcc/arm-none-eabi/5.4.1/armv6-m/libgcc.a
LOAD /wrk3/pasilack/lpcxpresso_8.2.2_650/lpcxpresso/tools/bin/../lib/gcc/arm-none-eabi/5.4.1/../../../../arm-none-eabi/lib/armv6-m/libc.a
LOAD /wrk3/pasilack/lpcxpresso_8.2.2_650/lpcxpresso/tools/bin/../lib/gcc/arm-none-eabi/5.4.1/../../../../arm-none-eabi/lib/armv6-m/libstdc++.a
LOAD /wrk3/pasilack/lpcxpresso_8.2.2_650/lpcxpresso/tools/bin/../lib/gcc/arm-none-eabi/5.4.1/../../../../arm-none-eabi/lib/armv6-m/libm.a
LOAD /wrk3/pasilack/lpcxpresso_8.2.2_650/lpcxpresso/tools/bin/../lib/gcc/arm-none-eabi/5.4.1/../../../../arm-none-eabi/lib/armv6-m/libcr_newlib_nohost.a
LOAD /wrk3/pasilack/lpcxpresso_8.2.2_650/lpcxpresso/tools/bin/../lib/gcc/arm-none-eabi/5.4.1/armv6-m/crti.o
LOAD /wrk3/pasilack/lpcxpresso_8.2.2_650/lpcxpresso/tools/bin/../lib/gcc/arm-none-eabi/5.4.1/armv6-m/crtn.o
LOAD /wrk3/pasilack/lpcxpresso_8.2.2_650/lpcxpresso/tools/bin/../lib/gcc/arm-none-eabi/5.4.1/armv6-m/crtbegin.o
LOAD /wrk3/pasilack/lpcxpresso_8.2.2_650/lpcxpresso/tools/bin/../lib/gcc/arm-none-eabi/5.4.1/armv6-m/crtend.o
END GROUP
                0x00000000                __base_MFlash16 = 0x0
                0x00000000                __base_Flash = 0x0
                0x00004000                __top_MFlash16 = 0x4000
                0x00004000                __top_Flash = 0x4000
                0x10000000                __base_RamLoc4 = 0x10000000
                0x10000000                __base_RAM = 0x10000000
                0x10001000                __top_RamLoc4 = 0x10001000
                0x10001000                __top_RAM = 0x10001000

.text           0x00000000     0x1098
 FILL mask 0xff
                0x00000000                __vectors_start__ = ABSOLUTE (.)
 *(.isr_vector)
 .isr_vector    0x00000000       0xc0 ./src/cr_startup_lpc8xx.o
                0x00000000                g_pfnVectors
                0x000000c0                . = ALIGN (0x4)
                0x000000c0                __section_table_start = .
                0x000000c0                __data_section_table = .
                0x000000c0        0x4 LONG 0x1098 LOADADDR (.data)
                0x000000c4        0x4 LONG 0x10000100 ADDR (.data)
                0x000000c8        0x4 LONG 0x1c SIZEOF (.data)
                0x000000cc                __data_section_table_end = .
                0x000000cc                __bss_section_table = .
                0x000000cc        0x4 LONG 0x1000011c ADDR (.bss)
                0x000000d0        0x4 LONG 0x28 SIZEOF (.bss)
                0x000000d4                __bss_section_table_end = .
                0x000000d4                __section_table_end = .
 *(.after_vectors*)
 .after_vectors
                0x000000d4      0x128 ./src/cr_startup_lpc8xx.o
                0x000000d4                data_init(unsigned int, unsigned int, unsigned int)
                0x00000114                bss_init(unsigned int, unsigned int)
                0x00000148                ResetISR
                0x000001cc                NMI_Handler
                0x000001d4                HardFault_Handler
                0x000001dc                SVC_Handler
                0x000001e4                PendSV_Handler
                0x000001ec                SysTick_Handler
                0x000001f4                CMP_IRQHandler
                0x000001f4                PININT7_IRQHandler
                0x000001f4                WKT_IRQHandler
                0x000001f4                PININT2_IRQHandler
                0x000001f4                PININT1_IRQHandler
                0x000001f4                MRT_IRQHandler
                0x000001f4                UART1_IRQHandler
                0x000001f4                UART0_IRQHandler
                0x000001f4                SPI1_IRQHandler
                0x000001f4                IntDefaultHandler
                0x000001f4                PININT3_IRQHandler
                0x000001f4                UART2_IRQHandler
                0x000001f4                PININT5_IRQHandler
                0x000001f4                PININT4_IRQHandler
                0x000001f4                PININT0_IRQHandler
                0x000001f4                BOD_IRQHandler
                0x000001f4                SCT_IRQHandler
                0x000001f4                I2C_IRQHandler
                0x000001f4                WDT_IRQHandler
                0x000001f4                PININT6_IRQHandler
                0x000001f4                SPI0_IRQHandler
                0x000002fc                . = 0x2fc
 *fill*         0x000001fc      0x100 ff
                0x000002fc                PROVIDE (__CRP_WORD_START__, .)
 *(.crp)
 .crp           0x000002fc        0x4 ./src/crp.o
                0x000002fc                CRP_WORD
                0x00000300                PROVIDE (__CRP_WORD_END__, .)
                0x00000001                ASSERT (! ((__CRP_WORD_START__ == __CRP_WORD_END__)), Linker CRP Enabled, but no CRP_WORD provided within application)
 *(.text*)
 .text.main     0x00000300       0x54 ./src/7-segment-dot.o
                0x00000300                main
 .text.delay    0x00000354       0x30 ./src/delay.o
                0x00000354                delay
 .text.show_dot
                0x00000384       0x54 ./src/display.o
                0x00000384                show_dot
 .text.DISP_on  0x000003d8       0x70 ./src/display.o
                0x000003d8                DISP_on
 .text.I2C_init
                0x00000448       0x48 ./src/i2c.o
                0x00000448                I2C_init
 .text.i2c_master_pending
                0x00000490       0x18 ./src/i2c.o
 .text.i2c_write_master
                0x000004a8       0xc8 ./src/i2c.o
 .text.I2C_write
                0x00000570       0x4c ./src/i2c.o
                0x00000570                I2C_write
 .text.SWM_init
                0x000005bc       0x50 ./src/swm.o
                0x000005bc                SWM_init
 .text.SystemInit
                0x0000060c       0x10 ./src/sysinit.o
                0x0000060c                SystemInit
 .text.SystemCoreClockUpdate
                0x0000061c       0x18 /wrk3/pasilack/lpcxpresso_8.2.2_650/lpcxpresso/LPCXpresso/workspace/lpc_chip_8xx/Debug/liblpc_chip_8xx.a(chip_8xx.o)
                0x0000061c                SystemCoreClockUpdate
 .text.Chip_Clock_GetMainOscRate
                0x00000634       0x14 /wrk3/pasilack/lpcxpresso_8.2.2_650/lpcxpresso/LPCXpresso/workspace/lpc_chip_8xx/Debug/liblpc_chip_8xx.a(clock_8xx.o)
 .text.Chip_Clock_GetIntOscRate
                0x00000648       0x10 /wrk3/pasilack/lpcxpresso_8.2.2_650/lpcxpresso/LPCXpresso/workspace/lpc_chip_8xx/Debug/liblpc_chip_8xx.a(clock_8xx.o)
 .text.Chip_Clock_GetExtClockInRate
                0x00000658       0x14 /wrk3/pasilack/lpcxpresso_8.2.2_650/lpcxpresso/LPCXpresso/workspace/lpc_chip_8xx/Debug/liblpc_chip_8xx.a(clock_8xx.o)
 .text.Chip_Clock_GetWDTLFORate
                0x0000066c       0x48 /wrk3/pasilack/lpcxpresso_8.2.2_650/lpcxpresso/LPCXpresso/workspace/lpc_chip_8xx/Debug/liblpc_chip_8xx.a(clock_8xx.o)
 .text.Chip_Clock_GetPLLFreq
                0x000006b4       0x24 /wrk3/pasilack/lpcxpresso_8.2.2_650/lpcxpresso/LPCXpresso/workspace/lpc_chip_8xx/Debug/liblpc_chip_8xx.a(clock_8xx.o)
 .text.Chip_Clock_SetSystemPLLSource
                0x000006d8       0x2c /wrk3/pasilack/lpcxpresso_8.2.2_650/lpcxpresso/LPCXpresso/workspace/lpc_chip_8xx/Debug/liblpc_chip_8xx.a(clock_8xx.o)
                0x000006d8                Chip_Clock_SetSystemPLLSource
 .text.Chip_Clock_SetMainClockSource
                0x00000704       0x2c /wrk3/pasilack/lpcxpresso_8.2.2_650/lpcxpresso/LPCXpresso/workspace/lpc_chip_8xx/Debug/liblpc_chip_8xx.a(clock_8xx.o)
                0x00000704                Chip_Clock_SetMainClockSource
 .text.Chip_Clock_GetWDTOSCRate
                0x00000730       0x20 /wrk3/pasilack/lpcxpresso_8.2.2_650/lpcxpresso/LPCXpresso/workspace/lpc_chip_8xx/Debug/liblpc_chip_8xx.a(clock_8xx.o)
                0x00000730                Chip_Clock_GetWDTOSCRate
 .text.Chip_Clock_GetSystemPLLInClockRate
                0x00000750       0x4c /wrk3/pasilack/lpcxpresso_8.2.2_650/lpcxpresso/LPCXpresso/workspace/lpc_chip_8xx/Debug/liblpc_chip_8xx.a(clock_8xx.o)
                0x00000750                Chip_Clock_GetSystemPLLInClockRate
 .text.Chip_Clock_GetSystemPLLOutClockRate
                0x0000079c       0x28 /wrk3/pasilack/lpcxpresso_8.2.2_650/lpcxpresso/LPCXpresso/workspace/lpc_chip_8xx/Debug/liblpc_chip_8xx.a(clock_8xx.o)
                0x0000079c                Chip_Clock_GetSystemPLLOutClockRate
 .text.Chip_Clock_GetMainClockRate
                0x000007c4       0x60 /wrk3/pasilack/lpcxpresso_8.2.2_650/lpcxpresso/LPCXpresso/workspace/lpc_chip_8xx/Debug/liblpc_chip_8xx.a(clock_8xx.o)
                0x000007c4                Chip_Clock_GetMainClockRate
 .text.Chip_Clock_GetSystemClockRate
                0x00000824       0x24 /wrk3/pasilack/lpcxpresso_8.2.2_650/lpcxpresso/LPCXpresso/workspace/lpc_chip_8xx/Debug/liblpc_chip_8xx.a(clock_8xx.o)
                0x00000824                Chip_Clock_GetSystemClockRate
 .text.Chip_SetupIrcClocking
                0x00000848       0x20 /wrk3/pasilack/lpcxpresso_8.2.2_650/lpcxpresso/LPCXpresso/workspace/lpc_chip_8xx/Debug/liblpc_chip_8xx.a(sysinit_8xx.o)
                0x00000848                Chip_SetupIrcClocking
 .text.Chip_SystemInit
                0x00000868       0x10 /wrk3/pasilack/lpcxpresso_8.2.2_650/lpcxpresso/LPCXpresso/workspace/lpc_chip_8xx/Debug/liblpc_chip_8xx.a(sysinit_8xx.o)
                0x00000868                Chip_SystemInit
 .text.Chip_Clock_SetupSystemPLL
                0x00000878       0x38 /wrk3/pasilack/lpcxpresso_8.2.2_650/lpcxpresso/LPCXpresso/workspace/lpc_chip_8xx/Debug/liblpc_chip_8xx.a(irc_8xx.o)
 .text.Chip_Clock_IsSystemPLLLocked
                0x000008b0       0x1c /wrk3/pasilack/lpcxpresso_8.2.2_650/lpcxpresso/LPCXpresso/workspace/lpc_chip_8xx/Debug/liblpc_chip_8xx.a(irc_8xx.o)
 .text.Chip_Clock_SetSysClockDiv
                0x000008cc       0x1c /wrk3/pasilack/lpcxpresso_8.2.2_650/lpcxpresso/LPCXpresso/workspace/lpc_chip_8xx/Debug/liblpc_chip_8xx.a(irc_8xx.o)
 .text.Chip_FMC_SetFLASHAccess
                0x000008e8       0x2c /wrk3/pasilack/lpcxpresso_8.2.2_650/lpcxpresso/LPCXpresso/workspace/lpc_chip_8xx/Debug/liblpc_chip_8xx.a(irc_8xx.o)
 .text.pll_config
                0x00000914       0x6c /wrk3/pasilack/lpcxpresso_8.2.2_650/lpcxpresso/LPCXpresso/workspace/lpc_chip_8xx/Debug/liblpc_chip_8xx.a(irc_8xx.o)
 .text.Chip_IRC_SetFreq
                0x00000980       0xf4 /wrk3/pasilack/lpcxpresso_8.2.2_650/lpcxpresso/LPCXpresso/workspace/lpc_chip_8xx/Debug/liblpc_chip_8xx.a(irc_8xx.o)
                0x00000980                Chip_IRC_SetFreq
 .text.Chip_SYSCTL_PowerDown
                0x00000a74       0x44 /wrk3/pasilack/lpcxpresso_8.2.2_650/lpcxpresso/LPCXpresso/workspace/lpc_chip_8xx/Debug/liblpc_chip_8xx.a(syscon_8xx.o)
                0x00000a74                Chip_SYSCTL_PowerDown
 .text.Chip_SYSCTL_PowerUp
                0x00000ab8       0x48 /wrk3/pasilack/lpcxpresso_8.2.2_650/lpcxpresso/LPCXpresso/workspace/lpc_chip_8xx/Debug/liblpc_chip_8xx.a(syscon_8xx.o)
                0x00000ab8                Chip_SYSCTL_PowerUp
 .text          0x00000b00      0x114 /wrk3/pasilack/lpcxpresso_8.2.2_650/lpcxpresso/tools/bin/../lib/gcc/arm-none-eabi/5.4.1/armv6-m/libgcc.a(_udivsi3.o)
                0x00000b00                __udivsi3
                0x00000b00                __aeabi_uidiv
                0x00000c0c                __aeabi_uidivmod
 .text          0x00000c14        0x4 /wrk3/pasilack/lpcxpresso_8.2.2_650/lpcxpresso/tools/bin/../lib/gcc/arm-none-eabi/5.4.1/armv6-m/libgcc.a(_dvmd_tls.o)
                0x00000c14                __aeabi_ldiv0
                0x00000c14                __aeabi_idiv0
 .text.__libc_init_array
                0x00000c18       0x48 /wrk3/pasilack/lpcxpresso_8.2.2_650/lpcxpresso/tools/bin/../lib/gcc/arm-none-eabi/5.4.1/../../../../arm-none-eabi/lib/armv6-m/libc.a(lib_a-init.o)
                0x00000c18                __libc_init_array
 .text          0x00000c60       0x60 /wrk3/pasilack/lpcxpresso_8.2.2_650/lpcxpresso/tools/bin/../lib/gcc/arm-none-eabi/5.4.1/armv6-m/crtbegin.o
 *(.rodata .rodata.* .constdata .constdata.*)
 .rodata        0x00000cc0       0x20 ./src/7-segment-dot.o
 .rodata.OscRateIn
                0x00000ce0        0x4 ./src/sysinit.o
                0x00000ce0                OscRateIn
 .rodata.ExtRateIn
                0x00000ce4        0x4 ./src/sysinit.o
                0x00000ce4                ExtRateIn
 .rodata.wdtOSCRate
                0x00000ce8       0x40 /wrk3/pasilack/lpcxpresso_8.2.2_650/lpcxpresso/LPCXpresso/workspace/lpc_chip_8xx/Debug/liblpc_chip_8xx.a(clock_8xx.o)
 .rodata.config_tab
                0x00000d28      0x354 /wrk3/pasilack/lpcxpresso_8.2.2_650/lpcxpresso/LPCXpresso/workspace/lpc_chip_8xx/Debug/liblpc_chip_8xx.a(irc_8xx.o)
                0x0000107c                . = ALIGN (0x4)
                0x0000107c                . = ALIGN (0x4)
 *(.init)
 .init          0x0000107c        0x4 /wrk3/pasilack/lpcxpresso_8.2.2_650/lpcxpresso/tools/bin/../lib/gcc/arm-none-eabi/5.4.1/armv6-m/crti.o
                0x0000107c                _init
 .init          0x00001080        0x8 /wrk3/pasilack/lpcxpresso_8.2.2_650/lpcxpresso/tools/bin/../lib/gcc/arm-none-eabi/5.4.1/armv6-m/crtn.o
                0x00001088                . = ALIGN (0x4)
                0x00001088                __preinit_array_start = .
 *(.preinit_array)
                0x00001088                __preinit_array_end = .
                0x00001088                . = ALIGN (0x4)
                0x00001088                __init_array_start = .
 *(SORT(.init_array.*))
 *(.init_array)
 .init_array    0x00001088        0x4 /wrk3/pasilack/lpcxpresso_8.2.2_650/lpcxpresso/tools/bin/../lib/gcc/arm-none-eabi/5.4.1/armv6-m/crtbegin.o
                0x0000108c                __init_array_end = .
 *(.fini)
 .fini          0x0000108c        0x4 /wrk3/pasilack/lpcxpresso_8.2.2_650/lpcxpresso/tools/bin/../lib/gcc/arm-none-eabi/5.4.1/armv6-m/crti.o
                0x0000108c                _fini
 .fini          0x00001090        0x8 /wrk3/pasilack/lpcxpresso_8.2.2_650/lpcxpresso/tools/bin/../lib/gcc/arm-none-eabi/5.4.1/armv6-m/crtn.o
                0x00001098                . = ALIGN (0x4)
 *crtbegin.o(.ctors)
 *(EXCLUDE_FILE(*crtend.o) .ctors)
 *(SORT(.ctors.*))
 *crtend.o(.ctors)
                0x00001098                . = ALIGN (0x4)
 *crtbegin.o(.dtors)
 *(EXCLUDE_FILE(*crtend.o) .dtors)
 *(SORT(.dtors.*))
 *crtend.o(.dtors)
                0x00001098                . = ALIGN (0x4)

.glue_7         0x00001098        0x0
 .glue_7        0x00001098        0x0 linker stubs

.glue_7t        0x00001098        0x0
 .glue_7t       0x00001098        0x0 linker stubs

.vfp11_veneer   0x00001098        0x0
 .vfp11_veneer  0x00001098        0x0 linker stubs

.v4_bx          0x00001098        0x0
 .v4_bx         0x00001098        0x0 linker stubs

.iplt           0x00001098        0x0
 .iplt          0x00001098        0x0 ./src/7-segment-dot.o

.rel.dyn        0x00001098        0x0
 .rel.iplt      0x00001098        0x0 ./src/7-segment-dot.o

.eh_frame       0x00001098        0x0
 .eh_frame      0x00001098        0x0 /wrk3/pasilack/lpcxpresso_8.2.2_650/lpcxpresso/tools/bin/../lib/gcc/arm-none-eabi/5.4.1/armv6-m/crtbegin.o

.ARM.extab
 *(.ARM.extab* .gnu.linkonce.armextab.*)
                0x00001098                __exidx_start = .

.ARM.exidx
 *(.ARM.exidx* .gnu.linkonce.armexidx.*)
                0x00001098                __exidx_end = .
                0x00001098                _etext = .

.mtb_buffer_default
                0x10000000      0x100
 *(.mtb*)
 .mtb.$RAM1     0x10000000      0x100 ./src/mtb.o
                0x10000000                __mtb_buffer__

.uninit_RESERVED
                0x10000100        0x0
 *(.bss.$RESERVED*)
                0x10000100                . = ALIGN (0x4)
                0x10000100                _end_uninit_RESERVED = .

.data           0x10000100       0x1c load address 0x00001098
 FILL mask 0xff
                0x10000100                _data = .
 *(vtable)
 *(.ramfunc*)
 *(.data*)
 .data.frame    0x10000100        0xa ./src/display.o
                0x10000100                frame
 *fill*         0x1000010a        0x2 ff
 .data.mapping  0x1000010c       0x10 ./src/display.o
                0x1000010c                mapping
                0x1000011c                . = ALIGN (0x4)
                0x1000011c                _edata = .

.igot.plt       0x1000011c        0x0 load address 0x000010b4
 .igot.plt      0x1000011c        0x0 ./src/7-segment-dot.o

.jcr            0x1000011c        0x0 load address 0x000010b4
 .jcr           0x1000011c        0x0 /wrk3/pasilack/lpcxpresso_8.2.2_650/lpcxpresso/tools/bin/../lib/gcc/arm-none-eabi/5.4.1/armv6-m/crtbegin.o

.bss            0x1000011c       0x28 load address 0x000010b4
                0x1000011c                _bss = .
 *(.bss*)
 .bss.i.3686    0x1000011c        0x4 ./src/delay.o
 .bss.config_tab_idx
                0x10000120        0x2 /wrk3/pasilack/lpcxpresso_8.2.2_650/lpcxpresso/LPCXpresso/workspace/lpc_chip_8xx/Debug/liblpc_chip_8xx.a(irc_8xx.o)
 *fill*         0x10000122        0x2 
 .bss           0x10000124       0x1c /wrk3/pasilack/lpcxpresso_8.2.2_650/lpcxpresso/tools/bin/../lib/gcc/arm-none-eabi/5.4.1/armv6-m/crtbegin.o
 *(COMMON)
 COMMON         0x10000140        0x4 /wrk3/pasilack/lpcxpresso_8.2.2_650/lpcxpresso/LPCXpresso/workspace/lpc_chip_8xx/Debug/liblpc_chip_8xx.a(chip_8xx.o)
                0x10000140                SystemCoreClock
                0x10000144                . = ALIGN (0x4)
                0x10000144                _ebss = .
                [!provide]                PROVIDE (end, .)

.noinit         0x10000144        0x0 load address 0x000010b4
                0x10000144                _noinit = .
 *(.noinit*)
                0x10000144                . = ALIGN (0x4)
                0x10000144                _end_noinit = .
                0x10000144                PROVIDE (_pvHeapStart, DEFINED (__user_heap_base)?__user_heap_base:.)
                0x10001000                PROVIDE (_vStackTop, DEFINED (__user_stack_top)?__user_stack_top:(__top_RamLoc4 - 0x0))
                0xefffeb15                PROVIDE (__valid_user_code_checksum, (0x0 - (((_vStackTop + (ResetISR + 0x1)) + (DEFINED (NMI_Handler)?NMI_Handler:M0_NMI_Handler + 0x1)) + (DEFINED (HardFault_Handler)?HardFault_Handler:M0_HardFault_Handler + 0x1))))
OUTPUT(7_segment_dot.axf elf32-littlearm)

.debug_info     0x00000000     0x363c
 .debug_info    0x00000000       0xfa ./src/7-segment-dot.o
 .debug_info    0x000000fa      0x20b ./src/cr_startup_lpc8xx.o
 .debug_info    0x00000305       0x3f ./src/crp.o
 .debug_info    0x00000344       0x5b ./src/delay.o
 .debug_info    0x0000039f      0x1c3 ./src/display.o
 .debug_info    0x00000562      0x738 ./src/i2c.o
 .debug_info    0x00000c9a       0x51 ./src/mtb.o
 .debug_info    0x00000ceb      0x468 ./src/swm.o
 .debug_info    0x00001153       0xd3 ./src/sysinit.o
 .debug_info    0x00001226       0xcd /wrk3/pasilack/lpcxpresso_8.2.2_650/lpcxpresso/LPCXpresso/workspace/lpc_chip_8xx/Debug/liblpc_chip_8xx.a(chip_8xx.o)
 .debug_info    0x000012f3      0xa81 /wrk3/pasilack/lpcxpresso_8.2.2_650/lpcxpresso/LPCXpresso/workspace/lpc_chip_8xx/Debug/liblpc_chip_8xx.a(clock_8xx.o)
 .debug_info    0x00001d74      0x5ea /wrk3/pasilack/lpcxpresso_8.2.2_650/lpcxpresso/LPCXpresso/workspace/lpc_chip_8xx/Debug/liblpc_chip_8xx.a(sysinit_8xx.o)
 .debug_info    0x0000235e      0xe4f /wrk3/pasilack/lpcxpresso_8.2.2_650/lpcxpresso/LPCXpresso/workspace/lpc_chip_8xx/Debug/liblpc_chip_8xx.a(irc_8xx.o)
 .debug_info    0x000031ad      0x48f /wrk3/pasilack/lpcxpresso_8.2.2_650/lpcxpresso/LPCXpresso/workspace/lpc_chip_8xx/Debug/liblpc_chip_8xx.a(syscon_8xx.o)

.debug_abbrev   0x00000000      0xcab
 .debug_abbrev  0x00000000       0x9c ./src/7-segment-dot.o
 .debug_abbrev  0x0000009c       0xe0 ./src/cr_startup_lpc8xx.o
 .debug_abbrev  0x0000017c       0x36 ./src/crp.o
 .debug_abbrev  0x000001b2       0x50 ./src/delay.o
 .debug_abbrev  0x00000202       0xe1 ./src/display.o
 .debug_abbrev  0x000002e3      0x180 ./src/i2c.o
 .debug_abbrev  0x00000463       0x41 ./src/mtb.o
 .debug_abbrev  0x000004a4       0xac ./src/swm.o
 .debug_abbrev  0x00000550       0x6a ./src/sysinit.o
 .debug_abbrev  0x000005ba       0x7b /wrk3/pasilack/lpcxpresso_8.2.2_650/lpcxpresso/LPCXpresso/workspace/lpc_chip_8xx/Debug/liblpc_chip_8xx.a(chip_8xx.o)
 .debug_abbrev  0x00000635      0x272 /wrk3/pasilack/lpcxpresso_8.2.2_650/lpcxpresso/LPCXpresso/workspace/lpc_chip_8xx/Debug/liblpc_chip_8xx.a(clock_8xx.o)
 .debug_abbrev  0x000008a7      0x141 /wrk3/pasilack/lpcxpresso_8.2.2_650/lpcxpresso/LPCXpresso/workspace/lpc_chip_8xx/Debug/liblpc_chip_8xx.a(sysinit_8xx.o)
 .debug_abbrev  0x000009e8      0x1f5 /wrk3/pasilack/lpcxpresso_8.2.2_650/lpcxpresso/LPCXpresso/workspace/lpc_chip_8xx/Debug/liblpc_chip_8xx.a(irc_8xx.o)
 .debug_abbrev  0x00000bdd       0xce /wrk3/pasilack/lpcxpresso_8.2.2_650/lpcxpresso/LPCXpresso/workspace/lpc_chip_8xx/Debug/liblpc_chip_8xx.a(syscon_8xx.o)

.debug_aranges  0x00000000      0x378
 .debug_aranges
                0x00000000       0x20 ./src/7-segment-dot.o
 .debug_aranges
                0x00000020       0x60 ./src/cr_startup_lpc8xx.o
 .debug_aranges
                0x00000080       0x18 ./src/crp.o
 .debug_aranges
                0x00000098       0x20 ./src/delay.o
 .debug_aranges
                0x000000b8       0x30 ./src/display.o
 .debug_aranges
                0x000000e8       0x48 ./src/i2c.o
 .debug_aranges
                0x00000130       0x18 ./src/mtb.o
 .debug_aranges
                0x00000148       0x20 ./src/swm.o
 .debug_aranges
                0x00000168       0x20 ./src/sysinit.o
 .debug_aranges
                0x00000188       0x20 /wrk3/pasilack/lpcxpresso_8.2.2_650/lpcxpresso/LPCXpresso/workspace/lpc_chip_8xx/Debug/liblpc_chip_8xx.a(chip_8xx.o)
 .debug_aranges
                0x000001a8       0xf0 /wrk3/pasilack/lpcxpresso_8.2.2_650/lpcxpresso/LPCXpresso/workspace/lpc_chip_8xx/Debug/liblpc_chip_8xx.a(clock_8xx.o)
 .debug_aranges
                0x00000298       0x50 /wrk3/pasilack/lpcxpresso_8.2.2_650/lpcxpresso/LPCXpresso/workspace/lpc_chip_8xx/Debug/liblpc_chip_8xx.a(sysinit_8xx.o)
 .debug_aranges
                0x000002e8       0x58 /wrk3/pasilack/lpcxpresso_8.2.2_650/lpcxpresso/LPCXpresso/workspace/lpc_chip_8xx/Debug/liblpc_chip_8xx.a(irc_8xx.o)
 .debug_aranges
                0x00000340       0x38 /wrk3/pasilack/lpcxpresso_8.2.2_650/lpcxpresso/LPCXpresso/workspace/lpc_chip_8xx/Debug/liblpc_chip_8xx.a(syscon_8xx.o)

.debug_ranges   0x00000000      0x288
 .debug_ranges  0x00000000       0x10 ./src/7-segment-dot.o
 .debug_ranges  0x00000010       0x50 ./src/cr_startup_lpc8xx.o
 .debug_ranges  0x00000060       0x10 ./src/delay.o
 .debug_ranges  0x00000070       0x20 ./src/display.o
 .debug_ranges  0x00000090       0x38 ./src/i2c.o
 .debug_ranges  0x000000c8       0x10 ./src/swm.o
 .debug_ranges  0x000000d8       0x10 ./src/sysinit.o
 .debug_ranges  0x000000e8       0x10 /wrk3/pasilack/lpcxpresso_8.2.2_650/lpcxpresso/LPCXpresso/workspace/lpc_chip_8xx/Debug/liblpc_chip_8xx.a(chip_8xx.o)
 .debug_ranges  0x000000f8       0xe0 /wrk3/pasilack/lpcxpresso_8.2.2_650/lpcxpresso/LPCXpresso/workspace/lpc_chip_8xx/Debug/liblpc_chip_8xx.a(clock_8xx.o)
 .debug_ranges  0x000001d8       0x40 /wrk3/pasilack/lpcxpresso_8.2.2_650/lpcxpresso/LPCXpresso/workspace/lpc_chip_8xx/Debug/liblpc_chip_8xx.a(sysinit_8xx.o)
 .debug_ranges  0x00000218       0x48 /wrk3/pasilack/lpcxpresso_8.2.2_650/lpcxpresso/LPCXpresso/workspace/lpc_chip_8xx/Debug/liblpc_chip_8xx.a(irc_8xx.o)
 .debug_ranges  0x00000260       0x28 /wrk3/pasilack/lpcxpresso_8.2.2_650/lpcxpresso/LPCXpresso/workspace/lpc_chip_8xx/Debug/liblpc_chip_8xx.a(syscon_8xx.o)

.debug_macro    0x00000000     0x50aa
 .debug_macro   0x00000000      0x236 ./src/7-segment-dot.o
 .debug_macro   0x00000236      0x86e ./src/7-segment-dot.o
 .debug_macro   0x00000aa4       0x22 ./src/7-segment-dot.o
 .debug_macro   0x00000ac6       0x87 ./src/7-segment-dot.o
 .debug_macro   0x00000b4d       0x44 ./src/7-segment-dot.o
 .debug_macro   0x00000b91       0xfd ./src/7-segment-dot.o
 .debug_macro   0x00000c8e       0x5e ./src/7-segment-dot.o
 .debug_macro   0x00000cec      0x1df ./src/7-segment-dot.o
 .debug_macro   0x00000ecb       0x28 ./src/7-segment-dot.o
 .debug_macro   0x00000ef3       0x7b ./src/7-segment-dot.o
 .debug_macro   0x00000f6e       0x10 ./src/7-segment-dot.o
 .debug_macro   0x00000f7e       0x28 ./src/7-segment-dot.o
 .debug_macro   0x00000fa6       0x3a ./src/7-segment-dot.o
 .debug_macro   0x00000fe0       0x1f ./src/7-segment-dot.o
 .debug_macro   0x00000fff      0x250 ./src/7-segment-dot.o
 .debug_macro   0x0000124f      0x145 ./src/7-segment-dot.o
 .debug_macro   0x00001394       0xca ./src/7-segment-dot.o
 .debug_macro   0x0000145e       0x6a ./src/7-segment-dot.o
 .debug_macro   0x000014c8       0x70 ./src/7-segment-dot.o
 .debug_macro   0x00001538       0x28 ./src/7-segment-dot.o
 .debug_macro   0x00001560      0x190 ./src/7-segment-dot.o
 .debug_macro   0x000016f0       0x24 ./src/7-segment-dot.o
 .debug_macro   0x00001714       0x64 ./src/7-segment-dot.o
 .debug_macro   0x00001778       0x10 ./src/7-segment-dot.o
 .debug_macro   0x00001788       0x22 ./src/7-segment-dot.o
 .debug_macro   0x000017aa       0xb2 ./src/7-segment-dot.o
 .debug_macro   0x0000185c       0x58 ./src/7-segment-dot.o
 .debug_macro   0x000018b4       0x58 ./src/7-segment-dot.o
 .debug_macro   0x0000190c       0x6a ./src/7-segment-dot.o
 .debug_macro   0x00001976       0x82 ./src/7-segment-dot.o
 .debug_macro   0x000019f8       0x16 ./src/7-segment-dot.o
 .debug_macro   0x00001a0e      0x131 ./src/7-segment-dot.o
 .debug_macro   0x00001b3f       0x22 ./src/7-segment-dot.o
 .debug_macro   0x00001b61       0x52 ./src/7-segment-dot.o
 .debug_macro   0x00001bb3      0x181 ./src/7-segment-dot.o
 .debug_macro   0x00001d34      0x289 ./src/7-segment-dot.o
 .debug_macro   0x00001fbd      0x28b ./src/7-segment-dot.o
 .debug_macro   0x00002248       0x2e ./src/7-segment-dot.o
 .debug_macro   0x00002276       0x22 ./src/7-segment-dot.o
 .debug_macro   0x00002298       0x82 ./src/7-segment-dot.o
 .debug_macro   0x0000231a       0x28 ./src/7-segment-dot.o
 .debug_macro   0x00002342       0x4c ./src/7-segment-dot.o
 .debug_macro   0x0000238e       0x1d ./src/cr_startup_lpc8xx.o
 .debug_macro   0x000023ab       0x1a ./src/crp.o
 .debug_macro   0x000023c5      0x856 ./src/crp.o
 .debug_macro   0x00002c1b       0x34 ./src/crp.o
 .debug_macro   0x00002c4f       0x1b ./src/delay.o
 .debug_macro   0x00002c6a      0x219 ./src/display.o
 .debug_macro   0x00002e83       0x87 ./src/display.o
 .debug_macro   0x00002f0a       0x22 ./src/display.o
 .debug_macro   0x00002f2c      0x250 ./src/display.o
 .debug_macro   0x0000317c      0x210 ./src/i2c.o
 .debug_macro   0x0000338c       0x29 ./src/mtb.o
 .debug_macro   0x000033b5       0x10 ./src/mtb.o
 .debug_macro   0x000033c5      0x211 ./src/swm.o
 .debug_macro   0x000035d6      0x207 ./src/sysinit.o
 .debug_macro   0x000037dd      0x1e0 /wrk3/pasilack/lpcxpresso_8.2.2_650/lpcxpresso/LPCXpresso/workspace/lpc_chip_8xx/Debug/liblpc_chip_8xx.a(chip_8xx.o)
 .debug_macro   0x000039bd      0x838 /wrk3/pasilack/lpcxpresso_8.2.2_650/lpcxpresso/LPCXpresso/workspace/lpc_chip_8xx/Debug/liblpc_chip_8xx.a(chip_8xx.o)
 .debug_macro   0x000041f5       0x10 /wrk3/pasilack/lpcxpresso_8.2.2_650/lpcxpresso/LPCXpresso/workspace/lpc_chip_8xx/Debug/liblpc_chip_8xx.a(chip_8xx.o)
 .debug_macro   0x00004205      0x12d /wrk3/pasilack/lpcxpresso_8.2.2_650/lpcxpresso/LPCXpresso/workspace/lpc_chip_8xx/Debug/liblpc_chip_8xx.a(chip_8xx.o)
 .debug_macro   0x00004332      0x5b2 /wrk3/pasilack/lpcxpresso_8.2.2_650/lpcxpresso/LPCXpresso/workspace/lpc_chip_8xx/Debug/liblpc_chip_8xx.a(chip_8xx.o)
 .debug_macro   0x000048e4       0x22 /wrk3/pasilack/lpcxpresso_8.2.2_650/lpcxpresso/LPCXpresso/workspace/lpc_chip_8xx/Debug/liblpc_chip_8xx.a(chip_8xx.o)
 .debug_macro   0x00004906      0x1e0 /wrk3/pasilack/lpcxpresso_8.2.2_650/lpcxpresso/LPCXpresso/workspace/lpc_chip_8xx/Debug/liblpc_chip_8xx.a(clock_8xx.o)
 .debug_macro   0x00004ae6      0x1ec /wrk3/pasilack/lpcxpresso_8.2.2_650/lpcxpresso/LPCXpresso/workspace/lpc_chip_8xx/Debug/liblpc_chip_8xx.a(sysinit_8xx.o)
 .debug_macro   0x00004cd2      0x1e0 /wrk3/pasilack/lpcxpresso_8.2.2_650/lpcxpresso/LPCXpresso/workspace/lpc_chip_8xx/Debug/liblpc_chip_8xx.a(irc_8xx.o)
 .debug_macro   0x00004eb2      0x1f8 /wrk3/pasilack/lpcxpresso_8.2.2_650/lpcxpresso/LPCXpresso/workspace/lpc_chip_8xx/Debug/liblpc_chip_8xx.a(syscon_8xx.o)

.debug_line     0x00000000     0x3178
 .debug_line    0x00000000      0x50e ./src/7-segment-dot.o
 .debug_line    0x0000050e       0xb8 ./src/cr_startup_lpc8xx.o
 .debug_line    0x000005c6       0x85 ./src/crp.o
 .debug_line    0x0000064b       0x81 ./src/delay.o
 .debug_line    0x000006cc      0x511 ./src/display.o
 .debug_line    0x00000bdd      0x5a7 ./src/i2c.o
 .debug_line    0x00001184       0xa2 ./src/mtb.o
 .debug_line    0x00001226      0x4b8 ./src/swm.o
 .debug_line    0x000016de      0x485 ./src/sysinit.o
 .debug_line    0x00001b63      0x3a5 /wrk3/pasilack/lpcxpresso_8.2.2_650/lpcxpresso/LPCXpresso/workspace/lpc_chip_8xx/Debug/liblpc_chip_8xx.a(chip_8xx.o)
 .debug_line    0x00001f08      0x5f4 /wrk3/pasilack/lpcxpresso_8.2.2_650/lpcxpresso/LPCXpresso/workspace/lpc_chip_8xx/Debug/liblpc_chip_8xx.a(clock_8xx.o)
 .debug_line    0x000024fc      0x42d /wrk3/pasilack/lpcxpresso_8.2.2_650/lpcxpresso/LPCXpresso/workspace/lpc_chip_8xx/Debug/liblpc_chip_8xx.a(sysinit_8xx.o)
 .debug_line    0x00002929      0x46d /wrk3/pasilack/lpcxpresso_8.2.2_650/lpcxpresso/LPCXpresso/workspace/lpc_chip_8xx/Debug/liblpc_chip_8xx.a(irc_8xx.o)
 .debug_line    0x00002d96      0x3e2 /wrk3/pasilack/lpcxpresso_8.2.2_650/lpcxpresso/LPCXpresso/workspace/lpc_chip_8xx/Debug/liblpc_chip_8xx.a(syscon_8xx.o)

.debug_str      0x00000000     0xcb3d
 .debug_str     0x00000000     0x96eb ./src/7-segment-dot.o
                               0x986c (size before relaxing)
 .debug_str     0x000096eb      0x197 ./src/cr_startup_lpc8xx.o
                               0x25da (size before relaxing)
 .debug_str     0x00009882      0x2bc ./src/crp.o
                               0x24be (size before relaxing)
 .debug_str     0x00009b3e       0x15 ./src/delay.o
                               0x23e7 (size before relaxing)
 .debug_str     0x00009b53       0x7b ./src/display.o
                               0x93cd (size before relaxing)
 .debug_str     0x00009bce      0x373 ./src/i2c.o
                               0x95f9 (size before relaxing)
 .debug_str     0x00009f41       0xd0 ./src/mtb.o
                               0x28ef (size before relaxing)
 .debug_str     0x0000a011       0x35 ./src/swm.o
                               0x9426 (size before relaxing)
 .debug_str     0x0000a046       0x11 ./src/sysinit.o
                               0x91f1 (size before relaxing)
 .debug_str     0x0000a057     0x1838 /wrk3/pasilack/lpcxpresso_8.2.2_650/lpcxpresso/LPCXpresso/workspace/lpc_chip_8xx/Debug/liblpc_chip_8xx.a(chip_8xx.o)
                               0x9a5b (size before relaxing)
 .debug_str     0x0000b88f      0x7e0 /wrk3/pasilack/lpcxpresso_8.2.2_650/lpcxpresso/LPCXpresso/workspace/lpc_chip_8xx/Debug/liblpc_chip_8xx.a(clock_8xx.o)
                               0xa427 (size before relaxing)
 .debug_str     0x0000c06f      0x161 /wrk3/pasilack/lpcxpresso_8.2.2_650/lpcxpresso/LPCXpresso/workspace/lpc_chip_8xx/Debug/liblpc_chip_8xx.a(sysinit_8xx.o)
                               0x9e8f (size before relaxing)
 .debug_str     0x0000c1d0      0x859 /wrk3/pasilack/lpcxpresso_8.2.2_650/lpcxpresso/LPCXpresso/workspace/lpc_chip_8xx/Debug/liblpc_chip_8xx.a(irc_8xx.o)
                               0xa69b (size before relaxing)
 .debug_str     0x0000ca29      0x114 /wrk3/pasilack/lpcxpresso_8.2.2_650/lpcxpresso/LPCXpresso/workspace/lpc_chip_8xx/Debug/liblpc_chip_8xx.a(syscon_8xx.o)
                               0x9d4b (size before relaxing)

.comment        0x00000000       0x6e
 .comment       0x00000000       0x6e ./src/7-segment-dot.o
                                 0x6f (size before relaxing)
 .comment       0x0000006e       0x6f ./src/cr_startup_lpc8xx.o
 .comment       0x0000006e       0x6f ./src/crp.o
 .comment       0x0000006e       0x6f ./src/delay.o
 .comment       0x0000006e       0x6f ./src/display.o
 .comment       0x0000006e       0x6f ./src/i2c.o
 .comment       0x0000006e       0x6f ./src/mtb.o
 .comment       0x0000006e       0x6f ./src/swm.o
 .comment       0x0000006e       0x6f ./src/sysinit.o
 .comment       0x0000006e       0x6f /wrk3/pasilack/lpcxpresso_8.2.2_650/lpcxpresso/LPCXpresso/workspace/lpc_chip_8xx/Debug/liblpc_chip_8xx.a(chip_8xx.o)
 .comment       0x0000006e       0x6f /wrk3/pasilack/lpcxpresso_8.2.2_650/lpcxpresso/LPCXpresso/workspace/lpc_chip_8xx/Debug/liblpc_chip_8xx.a(clock_8xx.o)
 .comment       0x0000006e       0x6f /wrk3/pasilack/lpcxpresso_8.2.2_650/lpcxpresso/LPCXpresso/workspace/lpc_chip_8xx/Debug/liblpc_chip_8xx.a(sysinit_8xx.o)
 .comment       0x0000006e       0x6f /wrk3/pasilack/lpcxpresso_8.2.2_650/lpcxpresso/LPCXpresso/workspace/lpc_chip_8xx/Debug/liblpc_chip_8xx.a(irc_8xx.o)
 .comment       0x0000006e       0x6f /wrk3/pasilack/lpcxpresso_8.2.2_650/lpcxpresso/LPCXpresso/workspace/lpc_chip_8xx/Debug/liblpc_chip_8xx.a(syscon_8xx.o)

.ARM.attributes
                0x00000000       0x31
 .ARM.attributes
                0x00000000       0x31 ./src/7-segment-dot.o
 .ARM.attributes
                0x00000031       0x31 ./src/cr_startup_lpc8xx.o
 .ARM.attributes
                0x00000062       0x31 ./src/crp.o
 .ARM.attributes
                0x00000093       0x31 ./src/delay.o
 .ARM.attributes
                0x000000c4       0x31 ./src/display.o
 .ARM.attributes
                0x000000f5       0x31 ./src/i2c.o
 .ARM.attributes
                0x00000126       0x31 ./src/mtb.o
 .ARM.attributes
                0x00000157       0x31 ./src/swm.o
 .ARM.attributes
                0x00000188       0x31 ./src/sysinit.o
 .ARM.attributes
                0x000001b9       0x31 /wrk3/pasilack/lpcxpresso_8.2.2_650/lpcxpresso/LPCXpresso/workspace/lpc_chip_8xx/Debug/liblpc_chip_8xx.a(chip_8xx.o)
 .ARM.attributes
                0x000001ea       0x31 /wrk3/pasilack/lpcxpresso_8.2.2_650/lpcxpresso/LPCXpresso/workspace/lpc_chip_8xx/Debug/liblpc_chip_8xx.a(clock_8xx.o)
 .ARM.attributes
                0x0000021b       0x31 /wrk3/pasilack/lpcxpresso_8.2.2_650/lpcxpresso/LPCXpresso/workspace/lpc_chip_8xx/Debug/liblpc_chip_8xx.a(sysinit_8xx.o)
 .ARM.attributes
                0x0000024c       0x31 /wrk3/pasilack/lpcxpresso_8.2.2_650/lpcxpresso/LPCXpresso/workspace/lpc_chip_8xx/Debug/liblpc_chip_8xx.a(irc_8xx.o)
 .ARM.attributes
                0x0000027d       0x31 /wrk3/pasilack/lpcxpresso_8.2.2_650/lpcxpresso/LPCXpresso/workspace/lpc_chip_8xx/Debug/liblpc_chip_8xx.a(syscon_8xx.o)
 .ARM.attributes
                0x000002ae       0x1e /wrk3/pasilack/lpcxpresso_8.2.2_650/lpcxpresso/tools/bin/../lib/gcc/arm-none-eabi/5.4.1/armv6-m/libgcc.a(_udivsi3.o)
 .ARM.attributes
                0x000002cc       0x1e /wrk3/pasilack/lpcxpresso_8.2.2_650/lpcxpresso/tools/bin/../lib/gcc/arm-none-eabi/5.4.1/armv6-m/libgcc.a(_dvmd_tls.o)
 .ARM.attributes
                0x000002ea       0x2c /wrk3/pasilack/lpcxpresso_8.2.2_650/lpcxpresso/tools/bin/../lib/gcc/arm-none-eabi/5.4.1/../../../../arm-none-eabi/lib/armv6-m/libc.a(lib_a-init.o)
 .ARM.attributes
                0x00000316       0x1e /wrk3/pasilack/lpcxpresso_8.2.2_650/lpcxpresso/tools/bin/../lib/gcc/arm-none-eabi/5.4.1/armv6-m/crti.o
 .ARM.attributes
                0x00000334       0x1e /wrk3/pasilack/lpcxpresso_8.2.2_650/lpcxpresso/tools/bin/../lib/gcc/arm-none-eabi/5.4.1/armv6-m/crtn.o
 .ARM.attributes
                0x00000352       0x2c /wrk3/pasilack/lpcxpresso_8.2.2_650/lpcxpresso/tools/bin/../lib/gcc/arm-none-eabi/5.4.1/armv6-m/crtbegin.o

.debug_frame    0x00000000      0x948
 .debug_frame   0x00000000       0x30 ./src/7-segment-dot.o
 .debug_frame   0x00000030      0x118 ./src/cr_startup_lpc8xx.o
 .debug_frame   0x00000148       0x2c ./src/delay.o
 .debug_frame   0x00000174       0x70 ./src/display.o
 .debug_frame   0x000001e4       0xc8 ./src/i2c.o
 .debug_frame   0x000002ac       0x2c ./src/swm.o
 .debug_frame   0x000002d8       0x2c ./src/sysinit.o
 .debug_frame   0x00000304       0x2c /wrk3/pasilack/lpcxpresso_8.2.2_650/lpcxpresso/LPCXpresso/workspace/lpc_chip_8xx/Debug/liblpc_chip_8xx.a(chip_8xx.o)
 .debug_frame   0x00000330      0x354 /wrk3/pasilack/lpcxpresso_8.2.2_650/lpcxpresso/LPCXpresso/workspace/lpc_chip_8xx/Debug/liblpc_chip_8xx.a(clock_8xx.o)
 .debug_frame   0x00000684       0xe0 /wrk3/pasilack/lpcxpresso_8.2.2_650/lpcxpresso/LPCXpresso/workspace/lpc_chip_8xx/Debug/liblpc_chip_8xx.a(sysinit_8xx.o)
 .debug_frame   0x00000764      0x108 /wrk3/pasilack/lpcxpresso_8.2.2_650/lpcxpresso/LPCXpresso/workspace/lpc_chip_8xx/Debug/liblpc_chip_8xx.a(irc_8xx.o)
 .debug_frame   0x0000086c       0x90 /wrk3/pasilack/lpcxpresso_8.2.2_650/lpcxpresso/LPCXpresso/workspace/lpc_chip_8xx/Debug/liblpc_chip_8xx.a(syscon_8xx.o)
 .debug_frame   0x000008fc       0x20 /wrk3/pasilack/lpcxpresso_8.2.2_650/lpcxpresso/tools/bin/../lib/gcc/arm-none-eabi/5.4.1/armv6-m/libgcc.a(_udivsi3.o)
 .debug_frame   0x0000091c       0x2c /wrk3/pasilack/lpcxpresso_8.2.2_650/lpcxpresso/tools/bin/../lib/gcc/arm-none-eabi/5.4.1/../../../../arm-none-eabi/lib/armv6-m/libc.a(lib_a-init.o)
